login success!
baostock login: success
hs300 2015-01-10: 300 只（更新日 2015-01-05，4s）
zz500 2015-01-10: 500 只（更新日 2015-01-05，7s）
hs300 2015-07-10: 300 只（更新日 2015-07-06，3s）
zz500 2015-07-10: 500 只（更新日 2015-07-06，3s）
hs300 2016-01-10: 300 只（更新日 2016-01-04，2s）
zz500 2016-01-10: 500 只（更新日 2016-01-04，6s）
hs300 2016-07-10: 300 只（更新日 2016-07-04，2s）
zz500 2016-07-10: 500 只（更新日 2016-07-04，2s）
hs300 2017-01-10: 300 只（更新日 2017-01-09，2s）
zz500 2017-01-10: 500 只（更新日 2017-01-09，5s）
hs300 2017-07-10: 300 只（更新日 2017-07-10，3s）
zz500 2017-07-10: 500 只（更新日 2017-07-10，3s）
hs300 2018-01-10: 300 只（更新日 2018-01-08，2s）
zz500 2018-01-10: 500 只（更新日 2018-01-08，3s）
hs300 2018-07-10: 300 只（更新日 2018-07-09，2s）
zz500 2018-07-10: 500 只（更新日 2018-07-09，5s）
hs300 2019-01-10: 300 只（更新日 2019-01-07，4s）
zz500 2019-01-10: 499 只（更新日 2019-01-07，5s）
hs300 2019-07-10: 300 只（更新日 2019-07-08，3s）
zz500 2019-07-10: 500 只（更新日 2019-07-08，6s）
hs300 2020-01-10: 300 只（更新日 2019-12-30，3s）
zz500 2020-01-10: 500 只（更新日 2019-12-30，4s）
hs300 2020-07-10: 300 只（更新日 2020-07-06，3s）
zz500 2020-07-10: 500 只（更新日 2020-07-06，4s）
hs300 2021-01-10: 300 只（更新日 2021-01-04，4s）
zz500 2021-01-10: 500 只（更新日 2021-01-04，7s）
hs300 2021-07-10: 300 只（更新日 2021-06-14，2s）
zz500 2021-07-10: 500 只（更新日 2021-06-14，5s）
hs300 2022-01-10: 300 只（更新日 2021-11-15，3s）
zz500 2022-01-10: 500 只（更新日 2021-11-15，4s）
hs300 2022-07-10: 300 只（更新日 2022-06-13，5s）
zz500 2022-07-10: 500 只（更新日 2022-06-13，5s）
hs300 2023-01-10: 300 只（更新日 2022-08-01，2s）
zz500 2023-01-10: 500 只（更新日 2022-08-01，2s）
hs300 2023-07-10: 300 只（更新日 2023-07-10，2s）
zz500 2023-07-10: 500 只（更新日 2023-07-10，6s）
hs300 2024-01-10: 300 只（更新日 2024-01-08，3s）
zz500 2024-01-10: 500 只（更新日 2024-01-08，7s）
hs300 2024-07-10: 300 只（更新日 2024-07-08，1s）
zz500 2024-07-10: 500 只（更新日 2024-07-08，2s）
hs300 2025-01-10: 300 只（更新日 2025-01-06，34s）
zz500 2025-01-10: 500 只（更新日 2025-01-06，4s）
hs300 2025-07-10: 300 只（更新日 2025-07-07，4s）
zz500 2025-07-10: 500 只（更新日 2025-07-07，3s）
hs300 2026-01-10: 300 只（更新日 2026-01-05，3s）
zz500 2026-01-10: 500 只（更新日 2026-01-05，3s）
hs300 2026-07-10: 300 只（更新日 2026-07-06，3s）
zz500 2026-07-10: 500 只（更新日 2026-07-06，13s）
hs300 2026-09-18: 300 只（更新日 2026-09-14，2s）
zz500 2026-09-18: 500 只（更新日 2026-09-14，6s）
完成：D:\yin ho\股票量化分析\research\ashare_signals\data\universe_snapshots.csv
